2021-10-19 18:01:22,818:INFO:Across
1. Candy packaged with Left and Right bars
5. Personal journal
6. Spanish for "rice"
7. Malala Yousafzai when she won her Nobel Peace Prize, e.g.
8. Posts tagged as "Sponsored" on an Instagram feed
Down
1. Weary
2. Goods for sale
3. Most common club in a golf bag
4. End of a well-known series
5. ___ scientist
2021-10-19 18:03:35,966:INFO:Across
1. Candy packaged with Left and Right bars
5. Personal journal
6. Spanish for "rice"
7. Malala Yousafzai when she won her Nobel Peace Prize, e.g.
8. Posts tagged as "Sponsored" on an Instagram feed
Down
1. Weary
2. Goods for sale
3. Most common club in a golf bag
4. End of a well-known series
5. ___ scientist
